// Jest Snapshot v1, https://goo.gl/fbAQLP

exports[`ErrorAlert.js test renders the component 1`] = `
Object {
  "asFragment": [Function],
  "baseElement": <body
    class="chakra-ui-light"
  >
    <div
      id="chakra-toast-portal"
    >
      <ul
        id="chakra-toast-manager-top"
        style="position: fixed; z-index: 5500; pointer-events: none; display: flex; flex-direction: column; margin: 0px auto; top: 0px; right: 0px; left: 0px;"
      />
      <ul
        id="chakra-toast-manager-top-left"
        style="position: fixed; z-index: 5500; pointer-events: none; display: flex; flex-direction: column; top: 0px; left: 0px;"
      />
      <ul
        id="chakra-toast-manager-top-right"
        style="position: fixed; z-index: 5500; pointer-events: none; display: flex; flex-direction: column; top: 0px; right: 0px;"
      />
      <ul
        id="chakra-toast-manager-bottom-left"
        style="position: fixed; z-index: 5500; pointer-events: none; display: flex; flex-direction: column; bottom: 0px; left: 0px;"
      />
      <ul
        id="chakra-toast-manager-bottom"
        style="position: fixed; z-index: 5500; pointer-events: none; display: flex; flex-direction: column; margin: 0px auto; bottom: 0px; right: 0px; left: 0px;"
      />
      <ul
        id="chakra-toast-manager-bottom-right"
        style="position: fixed; z-index: 5500; pointer-events: none; display: flex; flex-direction: column; bottom: 0px; right: 0px;"
      />
    </div>
    <div>
      <div
        class="chakra-alert css-ldiuxo"
        role="alert"
      >
        <span
          class="chakra-alert__icon css-1yfrj3e"
        >
          <svg
            class="chakra-icon css-fi0ww0"
            focusable="false"
            viewBox="0 0 24 24"
          >
            <path
              d="M11.983,0a12.206,12.206,0,0,0-8.51,3.653A11.8,11.8,0,0,0,0,12.207,11.779,11.779,0,0,0,11.8,24h.214A12.111,12.111,0,0,0,24,11.791h0A11.766,11.766,0,0,0,11.983,0ZM10.5,16.542a1.476,1.476,0,0,1,1.449-1.53h.027a1.527,1.527,0,0,1,1.523,1.47,1.475,1.475,0,0,1-1.449,1.53h-.027A1.529,1.529,0,0,1,10.5,16.542ZM11,12.5v-6a1,1,0,0,1,2,0v6a1,1,0,1,1-2,0Z"
              fill="currentColor"
            />
          </svg>
        </span>
        <div
          class="chakra-alert__title css-1luzveo"
        />
        <div
          class="chakra-alert__desc css-1oa6yzk"
        />
      </div>
    </div>
  </body>,
  "container": <div>
    <div
      class="chakra-alert css-ldiuxo"
      role="alert"
    >
      <span
        class="chakra-alert__icon css-1yfrj3e"
      >
        <svg
          class="chakra-icon css-fi0ww0"
          focusable="false"
          viewBox="0 0 24 24"
        >
          <path
            d="M11.983,0a12.206,12.206,0,0,0-8.51,3.653A11.8,11.8,0,0,0,0,12.207,11.779,11.779,0,0,0,11.8,24h.214A12.111,12.111,0,0,0,24,11.791h0A11.766,11.766,0,0,0,11.983,0ZM10.5,16.542a1.476,1.476,0,0,1,1.449-1.53h.027a1.527,1.527,0,0,1,1.523,1.47,1.475,1.475,0,0,1-1.449,1.53h-.027A1.529,1.529,0,0,1,10.5,16.542ZM11,12.5v-6a1,1,0,0,1,2,0v6a1,1,0,1,1-2,0Z"
            fill="currentColor"
          />
        </svg>
      </span>
      <div
        class="chakra-alert__title css-1luzveo"
      />
      <div
        class="chakra-alert__desc css-1oa6yzk"
      />
    </div>
  </div>,
  "debug": [Function],
  "findAllByAltText": [Function],
  "findAllByDisplayValue": [Function],
  "findAllByLabelText": [Function],
  "findAllByPlaceholderText": [Function],
  "findAllByRole": [Function],
  "findAllByTestId": [Function],
  "findAllByText": [Function],
  "findAllByTitle": [Function],
  "findByAltText": [Function],
  "findByDisplayValue": [Function],
  "findByLabelText": [Function],
  "findByPlaceholderText": [Function],
  "findByRole": [Function],
  "findByTestId": [Function],
  "findByText": [Function],
  "findByTitle": [Function],
  "getAllByAltText": [Function],
  "getAllByDisplayValue": [Function],
  "getAllByLabelText": [Function],
  "getAllByPlaceholderText": [Function],
  "getAllByRole": [Function],
  "getAllByTestId": [Function],
  "getAllByText": [Function],
  "getAllByTitle": [Function],
  "getByAltText": [Function],
  "getByDisplayValue": [Function],
  "getByLabelText": [Function],
  "getByPlaceholderText": [Function],
  "getByRole": [Function],
  "getByTestId": [Function],
  "getByText": [Function],
  "getByTitle": [Function],
  "queryAllByAltText": [Function],
  "queryAllByDisplayValue": [Function],
  "queryAllByLabelText": [Function],
  "queryAllByPlaceholderText": [Function],
  "queryAllByRole": [Function],
  "queryAllByTestId": [Function],
  "queryAllByText": [Function],
  "queryAllByTitle": [Function],
  "queryByAltText": [Function],
  "queryByDisplayValue": [Function],
  "queryByLabelText": [Function],
  "queryByPlaceholderText": [Function],
  "queryByRole": [Function],
  "queryByTestId": [Function],
  "queryByText": [Function],
  "queryByTitle": [Function],
  "rerender": [Function],
  "unmount": [Function],
}
`;
